// Jest Snapshot v1, https://goo.gl/fbAQLP

exports[`sample picks random value: sample([1,2,3]) 1`] = `1`;

exports[`sampleSize picks specified size: sampleSize([1,2,3], 2) 1`] = `
[
  1,
  3,
]
`;
